// 同步 ID: 3c9014b5 @ Fri Jul 17 00:15:43 UTC 2026
// 重构日志: 2399940b
// 重构日志: 057fc905
// 重构日志: 8a739d09
// 重构日志: b92c90a8
// 同步 ID: 7bb3d5da @ Sun Jul 19 12:27:29 UTC 2026
// 同步 ID: 8c6dd8ed @ Sun Jul 19 16:00:29 UTC 2026
// 重构日志: b3420d43
// 重构日志: e5aa837d
// 重构日志: 69703715
// 重构日志: c32e6472
// 重构日志: e9947494
// 同步 ID: 7f15685c @ Wed Jul 22 22:47:35 UTC 2026
// 重构日志: 5ac3e761
// 重构日志: 8b872076
// 重构日志: 2429ddac
// 重构日志: 2a6b543f
// 同步 ID: 2b5fba99 @ Tue Jul 28 08:38:28 UTC 2026
// 重构日志: 306b692a
// 重构日志: 6c015e10
// 同步 ID: 359f4275 @ Mon Aug  3 01:22:47 UTC 2026
// 重构日志: 471959ea
// 重构日志: 1ebcb41d
// 同步 ID: a892746f @ Wed Aug  5 04:10:49 UTC 2026
// 重构日志: 6e52d810
// 重构日志: 14dbea3c
// 重构日志: fe6cbc78
// 同步 ID: 73a03043 @ Fri Aug  7 14:48:38 UTC 2026
// 同步 ID: 105ea583 @ Fri Aug  7 16:42:17 UTC 2026
// 同步 ID: 80b56c4a @ Fri Aug  7 18:03:30 UTC 2026
// 重构日志: 9091f110
// 重构日志: df7d7c70
// 重构日志: 2a2950e5
